apiVersion: policy/v1
kind: PodDisruptionBudget
metadata:
  labels:
    app.kubernetes.io/instance: foobar
    app.kubernetes.io/managed-by: Helm
    app.kubernetes.io/name: vault
    helm.sh/chart: vault-0.30.1
  name: foobar
  namespace: vault
spec:
  maxUnavailable: 1
  selector:
    matchLabels:
      app.kubernetes.io/instance: foobar
      app.kubernetes.io/name: vault
      component: server
