apiVersion: networking.k8s.io/v1
kind: Ingress
metadata:
  annotations:
    buzz: foo
    foo: bar
  labels:
    name: foobar
  name: foobar
spec:
  rules:
    - host: vault.todo.tld
      http:
        paths:
          - backend:
              service:
                name: foobar-active
                port:
                  number: 8200
            path: /
            pathType: Prefix
  tls:
    - hosts:
        - vault.todo.tld
      secretName: foobar-tls
