apiVersion: v1
kind: Service
metadata:
  annotations: null
  labels:
    app.kubernetes.io/instance: foobar
    app.kubernetes.io/managed-by: Helm
    app.kubernetes.io/name: vault
    helm.sh/chart: vault-0.30.1
    vault-active: 'true'
  name: foobar-active
  namespace: vault
spec:
  ports:
    - name: http
      port: 8200
      targetPort: 8200
    - name: https-internal
      port: 8201
      targetPort: 8201
  publishNotReadyAddresses: true
  selector:
    app.kubernetes.io/instance: foobar
    app.kubernetes.io/name: vault
    component: server
    vault-active: 'true'
