apiVersion: rbac.authorization.k8s.io/v1
kind: RoleBinding
metadata:
  labels:
    app.kubernetes.io/instance: foobar
    app.kubernetes.io/managed-by: Helm
    app.kubernetes.io/name: vault
    helm.sh/chart: vault-0.13.0
  name: foobar-discovery-rolebinding
  namespace: vault
roleRef:
  apiGroup: rbac.authorization.k8s.io
  kind: Role
  name: foobar-discovery-role
subjects:
  - kind: ServiceAccount
    name: foobar
    namespace: vault
