apiVersion: networking.k8s.io/v1
kind: Ingress
metadata:
  annotations:
    buzz: foo
    foo: bar
  labels:
    app.kubernetes.io/instance: foobar
    app.kubernetes.io/managed-by: Helm
    app.kubernetes.io/name: vault
    helm.sh/chart: vault-0.30.0
  name: foobar
  namespace: vault
spec:
  rules:
    - host: vault.todo.tld
      http:
        paths:
          - backend:
              service:
                name: foobar-active
                port:
                  number: 8200
            path: /
            pathType: Prefix
  tls:
    - hosts:
        - vault.todo.tld
      secretName: foobar-tls
