apiVersion: v1
data:
  extraconfig-from-values.hcl: |-
    disable_mlock = true
    ui = true
    listener "tcp" {
      tls_disable = true
      address = "[::]:8200"
      cluster_address = "[::]:8201"
      x_forwarded_for_authorized_addrs = "198.51.100.0/24"
      x_forwarded_for_hop_skips = "0"
      x_forwarded_for_reject_not_authorized = "true"
      x_forwarded_for_reject_not_present = "false"
    }
    listener "tcp" {
      tls_disable = true
      address = "[::]:9200"
      telemetry {
        unauthenticated_metrics_access = true
      }
    }
    storage "raft" {
      path = "/vault/data"
    }
    service_registration "kubernetes" {}
    telemetry {
      disable_hostname = true
    }
kind: ConfigMap
metadata:
  labels:
    app.kubernetes.io/instance: foobar
    app.kubernetes.io/managed-by: Helm
    app.kubernetes.io/name: vault
    helm.sh/chart: vault-0.27.0
  name: foobar-config
  namespace: vault
