apiVersion: v1
kind: Namespace
metadata:
  annotations: {}
  labels:
    name: vault
  name: vault
