apiVersion: rbac.authorization.k8s.io/v1
kind: RoleBinding
metadata:
  annotations: {}
  labels:
    name: foobar-unseal
  name: foobar-unseal
  namespace: vault
roleRef:
  apiGroup: rbac.authorization.k8s.io
  kind: Role
  name: foobar-unseal
subjects:
  - kind: ServiceAccount
    name: foobar
    namespace: vault
