apiVersion: v1
data: {}
kind: Secret
metadata:
  annotations: {}
  labels:
    name: foobar
  name: foobar
  namespace: vault
stringData:
  vault-config.yml: "\"auth\":\n- \"roles\":\n  - \"bound_service_account_names\"\
    : \"foobar-backup\"\n    \"bound_service_account_namespaces\": \"vault\"\n   \
    \ \"name\": \"backup\"\n    \"policies\": \"backup\"\n    \"ttl\": \"1h\"\n  \"\
    type\": \"kubernetes\"\n- \"roles\":\n  - \"bound_service_account_names\": \"\
    foobar-backup\"\n    \"bound_service_account_namespaces\": \"vault\"\n    \"name\"\
    : \"backup\"\n    \"policies\": \"backup\"\n    \"ttl\": \"1h\"\n  \"type\": \"\
    kubernetes\"\n\"policies\":\n- \"name\": \"backup\"\n  \"rules\": |\n    path\
    \ \"sys/storage/raft/snapshot\" {\n      capabilities = [\"read\"]\n    }\n- \"\
    name\": \"backup\"\n  \"rules\": |\n    path \"sys/storage/raft/snapshot\" {\n\
    \      capabilities = [\"read\"]\n    }\n\"secrets\":\n- \"description\": \"General\
    \ secrets for clusters\"\n  \"options\":\n    \"version\": 2\n  \"path\": \"clusters/kv\"\
    \n  \"type\": \"kv\"\n- \"description\": \"General secrets for clusters\"\n  \"\
    options\":\n    \"version\": 2\n  \"path\": \"clustersSecret/kv\"\n  \"type\"\
    : \"kv\""
type: Opaque
---
apiVersion: apps/v1
kind: Deployment
metadata:
  annotations: {}
  labels:
    name: foobar-configurer
  name: foobar-configurer
  namespace: vault
spec:
  minReadySeconds: 30
  replicas: 1
  revisionHistoryLimit: 10
  selector:
    matchLabels:
      name: foobar-configurer
  strategy:
    rollingUpdate:
      maxSurge: 25%
      maxUnavailable: 25%
    type: RollingUpdate
  template:
    metadata:
      annotations: {}
      labels:
        name: foobar-configurer
    spec:
      containers:
        - args:
            - --mode=k8s
            - --k8s-secret-namespace=vault
            - --k8s-secret-name=foobar-seal
            - --disable-metrics
            - --vault-config-file=/config/vault-config.yml
          command:
            - bank-vaults
            - configure
          env:
            - name: VAULT_ADDR
              value: http://foobar-active:8200
          image: docker.io/banzaicloud/bank-vaults:1.15.2
          imagePullPolicy: IfNotPresent
          name: vault-configurer
          ports: []
          resources:
            requests:
              cpu: 100m
              memory: 32Mi
          stdin: false
          tty: false
          volumeMounts:
            - mountPath: /config/
              name: config
      imagePullSecrets: []
      initContainers: []
      serviceAccountName: foobar
      terminationGracePeriodSeconds: 30
      volumes:
        - name: config
          secret:
            secretName: foobar
